// Jest Snapshot v1, https://goo.gl/fbAQLP

exports[`Dashboard component renders correctly 1`] = `
[
  <div
    className="navbar"
  >
    <div
      className="title"
    >
      <h3>
        Hello World!
      </h3>
    </div>
  </div>,
  <div
    className="main"
  >
    <div
      className="main__menu"
    >
      <div
        className="sidebar"
      >
        <div
          className="title"
        >
          <h4>
            Hello World!
          </h4>
        </div>
      </div>
    </div>
    <div
      className="main__hub"
    >
      <h4>
        Dashboard
      </h4>
      <form
        className="createJournal"
      >
        <div
          className="createJournal__header"
        >
          <h4>
            Create new journal
          </h4>
        </div>
        <div>
          <label
            htmlFor="title"
          >
            Title
          </label>
          <input
            className="createJournal__input"
            id="title"
            name="title"
            onChange={[Function]}
            placeholder="Your prayer journal title"
            type="text"
            value=""
          />
        </div>
        <div>
          <label
            htmlFor="description"
          >
            Description
          </label>
          <input
            className="createJournal__input"
            id="description"
            name="description"
            onChange={[Function]}
            placeholder="Your prayer journal description"
            type="text"
            value=""
          />
        </div>
        <button
          onClick={[Function]}
        >
          Submit
        </button>
      </form>
      <div
        className="main__journalSection"
      />
    </div>
  </div>,
]
`;
